// Jest Snapshot v1, https://goo.gl/fbAQLP

exports[`CustomInput should render AlgorithmsSelectorCustomOption correctly 1`] = `null`;
