// Jest Snapshot v1, https://goo.gl/fbAQLP

exports[`ToggleButton renders ToggleButton 1`] = `
<div
  class="toggle_button_wrapper"
>
  <button
    class="toggle_button selected"
  />
</div>
`;
