// Jest Snapshot v1, https://goo.gl/fbAQLP

exports[`ChartLine should render ChartLine 1`] = `
<div
  class="wrapper"
>
  <div
    class="name"
  >
    Sample Title
  </div>
  <canvas
    height="150"
    role="img"
    width="300"
  />
</div>
`;
