// Jest Snapshot v1, https://goo.gl/fbAQLP

exports[`Experiments renders correctly 1`] = `
<div>
  <div
    class="experiments_wrapper"
  />
</div>
`;
